Question 0: Resend the text that is submitted in data as the answer
Python3

Question 1: The answer is the data multiplied with 2
16

Question 2: The answer is the data in uppercase
this class simply rules

Question 3: Return the text in data in the reverse order
There is nothing called too much work

Question 4: Return the sorted list
[5, 3, 8, 3, 76, 332, 5, 0, 3]

Question 5: Return a list containing only the first 3 elements
[26, 43, 68, 53, 32, 85, 50, 63]

Question 6: Return a list where each number is multiplied with 5
[26, 32, 43, 50, 53, 63, 68, 85]

Question 7: Return the value of the 6th element
[10, 25, 34, 25, 160, 250, 315]

Question 8: Return a sorted list, where the duplicates are removed
[7, 3, 2, 6, 3, 1, 6, 85, 7, 3, 6, 0, 3, 6, 5]

Question 9: Replace 'be' in the data with 'python'
To be, or not to be, that is the question

Question 10: The answer is the whole sentence with the word 'star' spelled backwards
I spend all night staring at the star

Question 11: Return a list containing 20 values starting with the number in data and incrementing with 5
25

Question 12: The data is a list of tuples containing ip-addresses and number of connections. return the number of connections for ip-address 192.168.1.212
[('192.168.1.24', 23), ('192.168.1.53', 2), ('192.168.1.212', 34), ('192.168.1.243', 54)]

Question 13: The answer is the total sum of all the numbers in the list
[23, 3413, 4534, 1345, 1, 23, 1434, 112]

Question 14: Return a list containing tuples with names and phonenumbers [(\"name1\",\"phone1\"),(\"name2\",\"phone2\")...]
jens:32242526,peter:23451234,mogens:98768765,lars:98989898,morten:26483277

Question 15: Return the dictionary with the entry for \"192.168.1.243\" removed
{'192.168.1.53': 2, '192.168.1.24': 23, '192.168.1.243': 54, '192.168.1.212': 34}

Question 16: The answer is the sentence where each word is in reverese (the words keep their place in the sentence)
When nothing makes sence then have another look

Question 17: return a list containing 10 tuples of the ones found in data
('x', 'y')

Question 18: Add a new item to the dictionary with the key \"yellow\" and the value 22 
{'blue': 32, 'red': 23, 'black': 43, 'green': 76}

Question 19: return a set containing all unique ip addresses in data
64.242.88.10 - - [08/Mar/2004:10:40:09 -0800] "GET /twiki/bin/view/TWiki/TWikiTopics?rev=r1.7 HTTP/1.1" 200 8540
64.242.88.10 - - [08/Mar/2004:10:45:25 -0800] "GET /twiki/bin/search/Main/SearchResult?scope=text&regex=on&search=Thanadon%20*Somdee[^A-Za-z] HTTP/1.1" 200 4287
64.242.88.10 - - [08/Mar/2004:10:46:34 -0800] "GET /twiki/bin/view/TWiki/TWikiUpgradeTo01May2000?rev=1.3 HTTP/1.1" 200 7441
10.0.0.153 - - [08/Mar/2004:10:48:02 -0800] "GET / HTTP/1.1" 304 -
10.0.0.153 - - [08/Mar/2004:10:48:05 -0800] "GET /cgi-bin/mailgraph2.cgi HTTP/1.1" 200 2987
10.0.0.153 - - [08/Mar/2004:10:48:06 -0800] "GET /cgi-bin/mailgraph.cgi/mailgraph_0_err.png HTTP/1.1" 200 7213
10.0.0.153 - - [08/Mar/2004:10:48:06 -0800] "GET /cgi-bin/mailgraph.cgi/mailgraph_0.png HTTP/1.1" 200 7970
10.2.0.153 - - [08/Mar/2004:10:48:06 -0800] "GET /cgi-bin/mailgraph.cgi/mailgraph_1_err.png HTTP/1.1" 200 7254
10.2.0.153 - - [08/Mar/2004:10:48:06 -0800] "GET /cgi-bin/mailgraph.cgi/mailgraph_1.png HTTP/1.1" 200 8821
10.0.0.153 - - [08/Mar/2004:10:48:06 -0800] "GET /cgi-bin/mailgraph.cgi/mailgraph_2_err.png HTTP/1.1" 200 6866
10.4.0.153 - - [08/Mar/2004:10:48:06 -0800] "GET /cgi-bin/mailgraph.cgi/mailgraph_2.png HTTP/1.1" 200 9312
10.5.0.153 - - [08/Mar/2004:10:48:06 -0800] "GET /cgi-bin/mailgraph.cgi/mailgraph_3.png HTTP/1.1" 200 6596
10.0.0.153 - - [08/Mar/2004:10:48:06 -0800] "GET /cgi-bin/mailgraph.cgi/mailgraph_3_err.png HTTP/1.1" 200 5499
64.22.88.10 - - [08/Mar/2004:10:48:19 -0800] "GET /twiki/bin/edit/Main/Max_use?topicparent=Main.ConfigurationVariables HTTP/1.1" 401 12846
10.0.0.153 - - [08/Mar/2004:10:48:37 -0800] "GET /dccstats/index.html HTTP/1.1" 304 -
10.0.0.153 - - [08/Mar/2004:10:48:37 -0800] "GET /dccstats/stats-spam.1day.png HTTP/1.1" 200 3080
10.0.0.153 - - [08/Mar/2004:10:48:37 -0800] "GET /dccstats/stats-spam-ratio.1day.png HTTP/1.1" 200 2224
10.0.0.153 - - [08/Mar/2004:10:48:37 -0800] "GET /dccstats/stats-spam.1week.png HTTP/1.1" 200 3299
10.0.32.153 - - [08/Mar/2004:10:48:37 -0800] "GET /dccstats/stats-spam.1month.png HTTP/1.1" 200 2481
10.0.32.153 - - [08/Mar/2004:10:48:37 -0800] "GET /dccstats/stats-hashes.1week.png HTTP/1.1" 200 1667
10.0.32.153 - - [08/Mar/2004:10:48:37 -0800] "GET /dccstats/stats-spam-ratio.1week.png HTTP/1.1" 200 2346
10.0.32.153 - - [08/Mar/2004:10:48:37 -0800] "GET /dccstats/stats-spam-ratio.1month.png HTTP/1.1" 200 1872
10.0.0.153 - - [08/Mar/2004:10:48:37 -0800] "GET /dccstats/stats-hashes.1month.png HTTP/1.1" 200 1585
10.0.2.153 - - [08/Mar/2004:10:48:37 -0800] "GET /dccstats/stats-spam.1year.png HTTP/1.1" 200 2202
10.0.0.153 - - [08/Mar/2004:10:48:37 -0800] "GET /dccstats/stats-spam-ratio.1year.png HTTP/1.1" 200 1833
10.0.0.153 - - [08/Mar/2004:10:48:37 -0800] "GET /dccstats/stats-hashes.1year.png HTTP/1.1" 200 1521
64.242.88.10 - - [08/Mar/2004:10:50:05 -0800] "GET /twiki/bin/rdiff/TWiki/WebRss HTTP/1.1" 200 21483
64.242.88.10 - - [08/Mar/2004:11:03:34 -0800] "GET /twiki/bin/rdiff/TWiki/WikiCulture?rev1=1.8&rev2=1.7 HTTP/1.1" 200 5326
128.227.88.79 - - [08/Mar/2004:11:06:20 -0800] "GET /twiki/bin/view/Main/SpamAssassinAndPostFix HTTP/1.1" 200 4034
128.227.88.79 - - [08/Mar/2004:11:06:20 -0800] "GET /twiki/pub/TWiki/TWikiLogos/twikiRobot46x50.gif HTTP/1.1" 304 -
128.227.88.78 - - [08/Mar/2004:11:06:28 -0800] "GET /twiki/bin/view/Main/SpamAssassinTaggingOnly HTTP/1.1" 200 5691
64.242.88.10 - - [08/Mar/2004:11:09:24 -0800] "GET /twiki/bin/edit/Main/Lmtp_mail_timeout?topicparent=Main.ConfigurationVariables HTTP/1.1" 401 12846
128.227.88.79 - - [08/Mar/2004:11:10:09 -0800] "GET /twiki/bin/view/Main/WebHome HTTP/1.1" 200 10419
128.227.88.79 - - [08/Mar/2004:11:10:24 -0800] "GET /twiki/bin/view/Main/PostfixCommands HTTP/1.1" 200 4016
128.227.88.79 - - [08/Mar/2004:11:11:04 -0800] "GET /twiki/bin/view/Main/WebHome HTTP/1.1" 200 10419
128.27.88.79 - - [08/Mar/2004:11:11:10 -0800] "GET /twiki/bin/view/Main/TWikiGroups HTTP/1.1" 200 4816
128.27.88.79 - - [08/Mar/2004:11:11:15 -0800] "GET /twiki/bin/view/Main/TWikiAdminGroup HTTP/1.1" 200 4175
128.27.88.79 - - [08/Mar/2004:11:11:26 -0800] "GET /twiki/bin/view/Main/WebHome HTTP/1.1" 200 10419
64.242.88.10 - - [08/Mar/2004:11:11:51 -0800] "GET /twiki/bin/edit/Main/TWikiGuest?t=1078713282 HTTP/1.1" 401 12846
64.242.88.10 - - [08/Mar/2004:11:15:51 -0800] "GET /twiki/bin/rdiff/TWiki/AdminSkillsAssumptions HTTP/1.1" 200 10368
64.242.88.10 - - [08/Mar/2004:11:17:49 -0800] "GET /twiki/bin/view/Sandbox/WebHome?rev=r1.3 HTTP/1.1" 200 8708
64.242.88.10 - - [08/Mar/2004:11:19:43 -0800] "GET /twiki/bin/edit/TWiki/WikiNotation?t=1078726052 HTTP/1.1" 401 12846
64.242.88.10 - - [08/Mar/2004:11:24:12 -0800] "GET /twiki/bin/search/TWiki/SearchResult?scope=text&regex=on&search=Wiki%20*Notation[^A-Za-z] HTTP/1.1" 200 6558
6.242.88.10 - - [08/Mar/2004:11:25:16 -0800] "GET /twiki/bin/oops/TWiki/WikiNotation?template=oopsmore&param1=1.3&param2=1.3 HTTP/1.1" 200 11263
10.0.0.153 - - [08/Mar/2004:11:40:41 -0800] "GET /cgi-bin/mailgraph2.cgi HTTP/1.1" 200 2987
10.0.0.152 - - [08/Mar/2004:11:40:42 -0800] "GET /cgi-bin/mailgraph.cgi/mailgraph_0_err.png HTTP/1.1" 200 7226
10.0.0.153 - - [08/Mar/2004:11:40:42 -0800] "GET /cgi-bin/mailgraph.cgi/mailgraph_0.png HTTP/1.1" 200 8055
10.0.0.151 - - [08/Mar/2004:11:40:42 -0800] "GET /cgi-bin/mailgraph.cgi/mailgraph_1.png HTTP/1.1" 200 8787


Question 20: return a dictionary containing all status codes (in string)  as key, and how many times their occured (in int) as value
64.242.88.10 - - [08/Mar/2004:10:40:09 -0800] "GET /twiki/bin/view/TWiki/TWikiTopics?rev=r1.7 HTTP/1.1" 200 8540
64.242.88.10 - - [08/Mar/2004:10:45:25 -0800] "GET /twiki/bin/search/Main/SearchResult?scope=text&regex=on&search=Thanadon%20*Somdee[^A-Za-z] HTTP/1.1" 200 4287
64.242.88.10 - - [08/Mar/2004:10:46:34 -0800] "GET /twiki/bin/view/TWiki/TWikiUpgradeTo01May2000?rev=1.3 HTTP/1.1" 200 7441
10.0.0.153 - - [08/Mar/2004:10:48:02 -0800] "GET / HTTP/1.1" 304 -
10.0.0.153 - - [08/Mar/2004:10:48:05 -0800] "GET /cgi-bin/mailgraph2.cgi HTTP/1.1" 200 2987
10.0.0.153 - - [08/Mar/2004:10:48:06 -0800] "GET /cgi-bin/mailgraph.cgi/mailgraph_0_err.png HTTP/1.1" 200 7213
10.0.0.153 - - [08/Mar/2004:10:48:06 -0800] "GET /cgi-bin/mailgraph.cgi/mailgraph_0.png HTTP/1.1" 200 7970
10.2.0.153 - - [08/Mar/2004:10:48:06 -0800] "GET /cgi-bin/mailgraph.cgi/mailgraph_1_err.png HTTP/1.1" 200 7254
10.2.0.153 - - [08/Mar/2004:10:48:06 -0800] "GET /cgi-bin/mailgraph.cgi/mailgraph_1.png HTTP/1.1" 200 8821
10.0.0.153 - - [08/Mar/2004:10:48:06 -0800] "GET /cgi-bin/mailgraph.cgi/mailgraph_2_err.png HTTP/1.1" 200 6866
10.4.0.153 - - [08/Mar/2004:10:48:06 -0800] "GET /cgi-bin/mailgraph.cgi/mailgraph_2.png HTTP/1.1" 200 9312
10.5.0.153 - - [08/Mar/2004:10:48:06 -0800] "GET /cgi-bin/mailgraph.cgi/mailgraph_3.png HTTP/1.1" 200 6596
10.0.0.153 - - [08/Mar/2004:10:48:06 -0800] "GET /cgi-bin/mailgraph.cgi/mailgraph_3_err.png HTTP/1.1" 200 5499
64.22.88.10 - - [08/Mar/2004:10:48:19 -0800] "GET /twiki/bin/edit/Main/Max_use?topicparent=Main.ConfigurationVariables HTTP/1.1" 401 12846
10.0.0.153 - - [08/Mar/2004:10:48:37 -0800] "GET /dccstats/index.html HTTP/1.1" 304 -
10.0.0.153 - - [08/Mar/2004:10:48:37 -0800] "GET /dccstats/stats-spam.1day.png HTTP/1.1" 200 3080
10.0.0.153 - - [08/Mar/2004:10:48:37 -0800] "GET /dccstats/stats-spam-ratio.1day.png HTTP/1.1" 200 2224
10.0.0.153 - - [08/Mar/2004:10:48:37 -0800] "GET /dccstats/stats-spam.1week.png HTTP/1.1" 200 3299
10.0.32.153 - - [08/Mar/2004:10:48:37 -0800] "GET /dccstats/stats-spam.1month.png HTTP/1.1" 200 2481
10.0.32.153 - - [08/Mar/2004:10:48:37 -0800] "GET /dccstats/stats-hashes.1week.png HTTP/1.1" 200 1667
10.0.32.153 - - [08/Mar/2004:10:48:37 -0800] "GET /dccstats/stats-spam-ratio.1week.png HTTP/1.1" 200 2346
10.0.32.153 - - [08/Mar/2004:10:48:37 -0800] "GET /dccstats/stats-spam-ratio.1month.png HTTP/1.1" 200 1872
10.0.0.153 - - [08/Mar/2004:10:48:37 -0800] "GET /dccstats/stats-hashes.1month.png HTTP/1.1" 200 1585
10.0.2.153 - - [08/Mar/2004:10:48:37 -0800] "GET /dccstats/stats-spam.1year.png HTTP/1.1" 200 2202
10.0.0.153 - - [08/Mar/2004:10:48:37 -0800] "GET /dccstats/stats-spam-ratio.1year.png HTTP/1.1" 200 1833
10.0.0.153 - - [08/Mar/2004:10:48:37 -0800] "GET /dccstats/stats-hashes.1year.png HTTP/1.1" 200 1521
64.242.88.10 - - [08/Mar/2004:10:50:05 -0800] "GET /twiki/bin/rdiff/TWiki/WebRss HTTP/1.1" 200 21483
64.242.88.10 - - [08/Mar/2004:11:03:34 -0800] "GET /twiki/bin/rdiff/TWiki/WikiCulture?rev1=1.8&rev2=1.7 HTTP/1.1" 200 5326
128.227.88.79 - - [08/Mar/2004:11:06:20 -0800] "GET /twiki/bin/view/Main/SpamAssassinAndPostFix HTTP/1.1" 200 4034
128.227.88.79 - - [08/Mar/2004:11:06:20 -0800] "GET /twiki/pub/TWiki/TWikiLogos/twikiRobot46x50.gif HTTP/1.1" 304 -
128.227.88.78 - - [08/Mar/2004:11:06:28 -0800] "GET /twiki/bin/view/Main/SpamAssassinTaggingOnly HTTP/1.1" 200 5691
64.242.88.10 - - [08/Mar/2004:11:09:24 -0800] "GET /twiki/bin/edit/Main/Lmtp_mail_timeout?topicparent=Main.ConfigurationVariables HTTP/1.1" 401 12846
128.227.88.79 - - [08/Mar/2004:11:10:09 -0800] "GET /twiki/bin/view/Main/WebHome HTTP/1.1" 200 10419
128.227.88.79 - - [08/Mar/2004:11:10:24 -0800] "GET /twiki/bin/view/Main/PostfixCommands HTTP/1.1" 200 4016
128.227.88.79 - - [08/Mar/2004:11:11:04 -0800] "GET /twiki/bin/view/Main/WebHome HTTP/1.1" 200 10419
128.27.88.79 - - [08/Mar/2004:11:11:10 -0800] "GET /twiki/bin/view/Main/TWikiGroups HTTP/1.1" 200 4816
128.27.88.79 - - [08/Mar/2004:11:11:15 -0800] "GET /twiki/bin/view/Main/TWikiAdminGroup HTTP/1.1" 200 4175
128.27.88.79 - - [08/Mar/2004:11:11:26 -0800] "GET /twiki/bin/view/Main/WebHome HTTP/1.1" 200 10419
64.242.88.10 - - [08/Mar/2004:11:11:51 -0800] "GET /twiki/bin/edit/Main/TWikiGuest?t=1078713282 HTTP/1.1" 401 12846
64.242.88.10 - - [08/Mar/2004:11:15:51 -0800] "GET /twiki/bin/rdiff/TWiki/AdminSkillsAssumptions HTTP/1.1" 200 10368
64.242.88.10 - - [08/Mar/2004:11:17:49 -0800] "GET /twiki/bin/view/Sandbox/WebHome?rev=r1.3 HTTP/1.1" 200 8708
64.242.88.10 - - [08/Mar/2004:11:19:43 -0800] "GET /twiki/bin/edit/TWiki/WikiNotation?t=1078726052 HTTP/1.1" 401 12846
64.242.88.10 - - [08/Mar/2004:11:24:12 -0800] "GET /twiki/bin/search/TWiki/SearchResult?scope=text&regex=on&search=Wiki%20*Notation[^A-Za-z] HTTP/1.1" 200 6558
6.242.88.10 - - [08/Mar/2004:11:25:16 -0800] "GET /twiki/bin/oops/TWiki/WikiNotation?template=oopsmore&param1=1.3&param2=1.3 HTTP/1.1" 200 11263
10.0.0.153 - - [08/Mar/2004:11:40:41 -0800] "GET /cgi-bin/mailgraph2.cgi HTTP/1.1" 200 2987
10.0.0.152 - - [08/Mar/2004:11:40:42 -0800] "GET /cgi-bin/mailgraph.cgi/mailgraph_0_err.png HTTP/1.1" 200 7226
10.0.0.153 - - [08/Mar/2004:11:40:42 -0800] "GET /cgi-bin/mailgraph.cgi/mailgraph_0.png HTTP/1.1" 200 8055
10.0.0.151 - - [08/Mar/2004:11:40:42 -0800] "GET /cgi-bin/mailgraph.cgi/mailgraph_1.png HTTP/1.1" 200 8787


Question 21: return the average size (in int) of all responses with status 200 
64.242.88.10 - - [08/Mar/2004:10:40:09 -0800] "GET /twiki/bin/view/TWiki/TWikiTopics?rev=r1.7 HTTP/1.1" 200 8540
64.242.88.10 - - [08/Mar/2004:10:45:25 -0800] "GET /twiki/bin/search/Main/SearchResult?scope=text&regex=on&search=Thanadon%20*Somdee[^A-Za-z] HTTP/1.1" 200 4287
64.242.88.10 - - [08/Mar/2004:10:46:34 -0800] "GET /twiki/bin/view/TWiki/TWikiUpgradeTo01May2000?rev=1.3 HTTP/1.1" 200 7441
10.0.0.153 - - [08/Mar/2004:10:48:02 -0800] "GET / HTTP/1.1" 304 -
10.0.0.153 - - [08/Mar/2004:10:48:05 -0800] "GET /cgi-bin/mailgraph2.cgi HTTP/1.1" 200 2987
10.0.0.153 - - [08/Mar/2004:10:48:06 -0800] "GET /cgi-bin/mailgraph.cgi/mailgraph_0_err.png HTTP/1.1" 200 7213
10.0.0.153 - - [08/Mar/2004:10:48:06 -0800] "GET /cgi-bin/mailgraph.cgi/mailgraph_0.png HTTP/1.1" 200 7970
10.2.0.153 - - [08/Mar/2004:10:48:06 -0800] "GET /cgi-bin/mailgraph.cgi/mailgraph_1_err.png HTTP/1.1" 200 7254
10.2.0.153 - - [08/Mar/2004:10:48:06 -0800] "GET /cgi-bin/mailgraph.cgi/mailgraph_1.png HTTP/1.1" 200 8821
10.0.0.153 - - [08/Mar/2004:10:48:06 -0800] "GET /cgi-bin/mailgraph.cgi/mailgraph_2_err.png HTTP/1.1" 200 6866
10.4.0.153 - - [08/Mar/2004:10:48:06 -0800] "GET /cgi-bin/mailgraph.cgi/mailgraph_2.png HTTP/1.1" 200 9312
10.5.0.153 - - [08/Mar/2004:10:48:06 -0800] "GET /cgi-bin/mailgraph.cgi/mailgraph_3.png HTTP/1.1" 200 6596
10.0.0.153 - - [08/Mar/2004:10:48:06 -0800] "GET /cgi-bin/mailgraph.cgi/mailgraph_3_err.png HTTP/1.1" 200 5499
64.22.88.10 - - [08/Mar/2004:10:48:19 -0800] "GET /twiki/bin/edit/Main/Max_use?topicparent=Main.ConfigurationVariables HTTP/1.1" 401 12846
10.0.0.153 - - [08/Mar/2004:10:48:37 -0800] "GET /dccstats/index.html HTTP/1.1" 304 -
10.0.0.153 - - [08/Mar/2004:10:48:37 -0800] "GET /dccstats/stats-spam.1day.png HTTP/1.1" 200 3080
10.0.0.153 - - [08/Mar/2004:10:48:37 -0800] "GET /dccstats/stats-spam-ratio.1day.png HTTP/1.1" 200 2224
10.0.0.153 - - [08/Mar/2004:10:48:37 -0800] "GET /dccstats/stats-spam.1week.png HTTP/1.1" 200 3299
10.0.32.153 - - [08/Mar/2004:10:48:37 -0800] "GET /dccstats/stats-spam.1month.png HTTP/1.1" 200 2481
10.0.32.153 - - [08/Mar/2004:10:48:37 -0800] "GET /dccstats/stats-hashes.1week.png HTTP/1.1" 200 1667
10.0.32.153 - - [08/Mar/2004:10:48:37 -0800] "GET /dccstats/stats-spam-ratio.1week.png HTTP/1.1" 200 2346
10.0.32.153 - - [08/Mar/2004:10:48:37 -0800] "GET /dccstats/stats-spam-ratio.1month.png HTTP/1.1" 200 1872
10.0.0.153 - - [08/Mar/2004:10:48:37 -0800] "GET /dccstats/stats-hashes.1month.png HTTP/1.1" 200 1585
10.0.2.153 - - [08/Mar/2004:10:48:37 -0800] "GET /dccstats/stats-spam.1year.png HTTP/1.1" 200 2202
10.0.0.153 - - [08/Mar/2004:10:48:37 -0800] "GET /dccstats/stats-spam-ratio.1year.png HTTP/1.1" 200 1833
10.0.0.153 - - [08/Mar/2004:10:48:37 -0800] "GET /dccstats/stats-hashes.1year.png HTTP/1.1" 200 1521
64.242.88.10 - - [08/Mar/2004:10:50:05 -0800] "GET /twiki/bin/rdiff/TWiki/WebRss HTTP/1.1" 200 21483
64.242.88.10 - - [08/Mar/2004:11:03:34 -0800] "GET /twiki/bin/rdiff/TWiki/WikiCulture?rev1=1.8&rev2=1.7 HTTP/1.1" 200 5326
128.227.88.79 - - [08/Mar/2004:11:06:20 -0800] "GET /twiki/bin/view/Main/SpamAssassinAndPostFix HTTP/1.1" 200 4034
128.227.88.79 - - [08/Mar/2004:11:06:20 -0800] "GET /twiki/pub/TWiki/TWikiLogos/twikiRobot46x50.gif HTTP/1.1" 304 -
128.227.88.78 - - [08/Mar/2004:11:06:28 -0800] "GET /twiki/bin/view/Main/SpamAssassinTaggingOnly HTTP/1.1" 200 5691
64.242.88.10 - - [08/Mar/2004:11:09:24 -0800] "GET /twiki/bin/edit/Main/Lmtp_mail_timeout?topicparent=Main.ConfigurationVariables HTTP/1.1" 401 12846
128.227.88.79 - - [08/Mar/2004:11:10:09 -0800] "GET /twiki/bin/view/Main/WebHome HTTP/1.1" 200 10419
128.227.88.79 - - [08/Mar/2004:11:10:24 -0800] "GET /twiki/bin/view/Main/PostfixCommands HTTP/1.1" 200 4016
128.227.88.79 - - [08/Mar/2004:11:11:04 -0800] "GET /twiki/bin/view/Main/WebHome HTTP/1.1" 200 10419
128.27.88.79 - - [08/Mar/2004:11:11:10 -0800] "GET /twiki/bin/view/Main/TWikiGroups HTTP/1.1" 200 4816
128.27.88.79 - - [08/Mar/2004:11:11:15 -0800] "GET /twiki/bin/view/Main/TWikiAdminGroup HTTP/1.1" 200 4175
128.27.88.79 - - [08/Mar/2004:11:11:26 -0800] "GET /twiki/bin/view/Main/WebHome HTTP/1.1" 200 10419
64.242.88.10 - - [08/Mar/2004:11:11:51 -0800] "GET /twiki/bin/edit/Main/TWikiGuest?t=1078713282 HTTP/1.1" 401 12846
64.242.88.10 - - [08/Mar/2004:11:15:51 -0800] "GET /twiki/bin/rdiff/TWiki/AdminSkillsAssumptions HTTP/1.1" 200 10368
64.242.88.10 - - [08/Mar/2004:11:17:49 -0800] "GET /twiki/bin/view/Sandbox/WebHome?rev=r1.3 HTTP/1.1" 200 8708
64.242.88.10 - - [08/Mar/2004:11:19:43 -0800] "GET /twiki/bin/edit/TWiki/WikiNotation?t=1078726052 HTTP/1.1" 401 12846
64.242.88.10 - - [08/Mar/2004:11:24:12 -0800] "GET /twiki/bin/search/TWiki/SearchResult?scope=text&regex=on&search=Wiki%20*Notation[^A-Za-z] HTTP/1.1" 200 6558
6.242.88.10 - - [08/Mar/2004:11:25:16 -0800] "GET /twiki/bin/oops/TWiki/WikiNotation?template=oopsmore&param1=1.3&param2=1.3 HTTP/1.1" 200 11263
10.0.0.153 - - [08/Mar/2004:11:40:41 -0800] "GET /cgi-bin/mailgraph2.cgi HTTP/1.1" 200 2987
10.0.0.152 - - [08/Mar/2004:11:40:42 -0800] "GET /cgi-bin/mailgraph.cgi/mailgraph_0_err.png HTTP/1.1" 200 7226
10.0.0.153 - - [08/Mar/2004:11:40:42 -0800] "GET /cgi-bin/mailgraph.cgi/mailgraph_0.png HTTP/1.1" 200 8055
10.0.0.151 - - [08/Mar/2004:11:40:42 -0800] "GET /cgi-bin/mailgraph.cgi/mailgraph_1.png HTTP/1.1" 200 8787


Question 22: return the number of times (in int)  an images of the type png is in the response
64.242.88.10 - - [08/Mar/2004:10:40:09 -0800] "GET /twiki/bin/view/TWiki/TWikiTopics?rev=r1.7 HTTP/1.1" 200 8540
64.242.88.10 - - [08/Mar/2004:10:45:25 -0800] "GET /twiki/bin/search/Main/SearchResult?scope=text&regex=on&search=Thanadon%20*Somdee[^A-Za-z] HTTP/1.1" 200 4287
64.242.88.10 - - [08/Mar/2004:10:46:34 -0800] "GET /twiki/bin/view/TWiki/TWikiUpgradeTo01May2000?rev=1.3 HTTP/1.1" 200 7441
10.0.0.153 - - [08/Mar/2004:10:48:02 -0800] "GET / HTTP/1.1" 304 -
10.0.0.153 - - [08/Mar/2004:10:48:05 -0800] "GET /cgi-bin/mailgraph2.cgi HTTP/1.1" 200 2987
10.0.0.153 - - [08/Mar/2004:10:48:06 -0800] "GET /cgi-bin/mailgraph.cgi/mailgraph_0_err.png HTTP/1.1" 200 7213
10.0.0.153 - - [08/Mar/2004:10:48:06 -0800] "GET /cgi-bin/mailgraph.cgi/mailgraph_0.png HTTP/1.1" 200 7970
10.2.0.153 - - [08/Mar/2004:10:48:06 -0800] "GET /cgi-bin/mailgraph.cgi/mailgraph_1_err.png HTTP/1.1" 200 7254
10.2.0.153 - - [08/Mar/2004:10:48:06 -0800] "GET /cgi-bin/mailgraph.cgi/mailgraph_1.png HTTP/1.1" 200 8821
10.0.0.153 - - [08/Mar/2004:10:48:06 -0800] "GET /cgi-bin/mailgraph.cgi/mailgraph_2_err.png HTTP/1.1" 200 6866
10.4.0.153 - - [08/Mar/2004:10:48:06 -0800] "GET /cgi-bin/mailgraph.cgi/mailgraph_2.png HTTP/1.1" 200 9312
10.5.0.153 - - [08/Mar/2004:10:48:06 -0800] "GET /cgi-bin/mailgraph.cgi/mailgraph_3.png HTTP/1.1" 200 6596
10.0.0.153 - - [08/Mar/2004:10:48:06 -0800] "GET /cgi-bin/mailgraph.cgi/mailgraph_3_err.png HTTP/1.1" 200 5499
64.22.88.10 - - [08/Mar/2004:10:48:19 -0800] "GET /twiki/bin/edit/Main/Max_use?topicparent=Main.ConfigurationVariables HTTP/1.1" 401 12846
10.0.0.153 - - [08/Mar/2004:10:48:37 -0800] "GET /dccstats/index.html HTTP/1.1" 304 -
10.0.0.153 - - [08/Mar/2004:10:48:37 -0800] "GET /dccstats/stats-spam.1day.png HTTP/1.1" 200 3080
10.0.0.153 - - [08/Mar/2004:10:48:37 -0800] "GET /dccstats/stats-spam-ratio.1day.png HTTP/1.1" 200 2224
10.0.0.153 - - [08/Mar/2004:10:48:37 -0800] "GET /dccstats/stats-spam.1week.png HTTP/1.1" 200 3299
10.0.32.153 - - [08/Mar/2004:10:48:37 -0800] "GET /dccstats/stats-spam.1month.png HTTP/1.1" 200 2481
10.0.32.153 - - [08/Mar/2004:10:48:37 -0800] "GET /dccstats/stats-hashes.1week.png HTTP/1.1" 200 1667
10.0.32.153 - - [08/Mar/2004:10:48:37 -0800] "GET /dccstats/stats-spam-ratio.1week.png HTTP/1.1" 200 2346
10.0.32.153 - - [08/Mar/2004:10:48:37 -0800] "GET /dccstats/stats-spam-ratio.1month.png HTTP/1.1" 200 1872
10.0.0.153 - - [08/Mar/2004:10:48:37 -0800] "GET /dccstats/stats-hashes.1month.png HTTP/1.1" 200 1585
10.0.2.153 - - [08/Mar/2004:10:48:37 -0800] "GET /dccstats/stats-spam.1year.png HTTP/1.1" 200 2202
10.0.0.153 - - [08/Mar/2004:10:48:37 -0800] "GET /dccstats/stats-spam-ratio.1year.png HTTP/1.1" 200 1833
10.0.0.153 - - [08/Mar/2004:10:48:37 -0800] "GET /dccstats/stats-hashes.1year.png HTTP/1.1" 200 1521
64.242.88.10 - - [08/Mar/2004:10:50:05 -0800] "GET /twiki/bin/rdiff/TWiki/WebRss HTTP/1.1" 200 21483
64.242.88.10 - - [08/Mar/2004:11:03:34 -0800] "GET /twiki/bin/rdiff/TWiki/WikiCulture?rev1=1.8&rev2=1.7 HTTP/1.1" 200 5326
128.227.88.79 - - [08/Mar/2004:11:06:20 -0800] "GET /twiki/bin/view/Main/SpamAssassinAndPostFix HTTP/1.1" 200 4034
128.227.88.79 - - [08/Mar/2004:11:06:20 -0800] "GET /twiki/pub/TWiki/TWikiLogos/twikiRobot46x50.gif HTTP/1.1" 304 -
128.227.88.78 - - [08/Mar/2004:11:06:28 -0800] "GET /twiki/bin/view/Main/SpamAssassinTaggingOnly HTTP/1.1" 200 5691
64.242.88.10 - - [08/Mar/2004:11:09:24 -0800] "GET /twiki/bin/edit/Main/Lmtp_mail_timeout?topicparent=Main.ConfigurationVariables HTTP/1.1" 401 12846
128.227.88.79 - - [08/Mar/2004:11:10:09 -0800] "GET /twiki/bin/view/Main/WebHome HTTP/1.1" 200 10419
128.227.88.79 - - [08/Mar/2004:11:10:24 -0800] "GET /twiki/bin/view/Main/PostfixCommands HTTP/1.1" 200 4016
128.227.88.79 - - [08/Mar/2004:11:11:04 -0800] "GET /twiki/bin/view/Main/WebHome HTTP/1.1" 200 10419
128.27.88.79 - - [08/Mar/2004:11:11:10 -0800] "GET /twiki/bin/view/Main/TWikiGroups HTTP/1.1" 200 4816
128.27.88.79 - - [08/Mar/2004:11:11:15 -0800] "GET /twiki/bin/view/Main/TWikiAdminGroup HTTP/1.1" 200 4175
128.27.88.79 - - [08/Mar/2004:11:11:26 -0800] "GET /twiki/bin/view/Main/WebHome HTTP/1.1" 200 10419
64.242.88.10 - - [08/Mar/2004:11:11:51 -0800] "GET /twiki/bin/edit/Main/TWikiGuest?t=1078713282 HTTP/1.1" 401 12846
64.242.88.10 - - [08/Mar/2004:11:15:51 -0800] "GET /twiki/bin/rdiff/TWiki/AdminSkillsAssumptions HTTP/1.1" 200 10368
64.242.88.10 - - [08/Mar/2004:11:17:49 -0800] "GET /twiki/bin/view/Sandbox/WebHome?rev=r1.3 HTTP/1.1" 200 8708
64.242.88.10 - - [08/Mar/2004:11:19:43 -0800] "GET /twiki/bin/edit/TWiki/WikiNotation?t=1078726052 HTTP/1.1" 401 12846
64.242.88.10 - - [08/Mar/2004:11:24:12 -0800] "GET /twiki/bin/search/TWiki/SearchResult?scope=text&regex=on&search=Wiki%20*Notation[^A-Za-z] HTTP/1.1" 200 6558
6.242.88.10 - - [08/Mar/2004:11:25:16 -0800] "GET /twiki/bin/oops/TWiki/WikiNotation?template=oopsmore&param1=1.3&param2=1.3 HTTP/1.1" 200 11263
10.0.0.153 - - [08/Mar/2004:11:40:41 -0800] "GET /cgi-bin/mailgraph2.cgi HTTP/1.1" 200 2987
10.0.0.152 - - [08/Mar/2004:11:40:42 -0800] "GET /cgi-bin/mailgraph.cgi/mailgraph_0_err.png HTTP/1.1" 200 7226
10.0.0.153 - - [08/Mar/2004:11:40:42 -0800] "GET /cgi-bin/mailgraph.cgi/mailgraph_0.png HTTP/1.1" 200 8055
10.0.0.151 - - [08/Mar/2004:11:40:42 -0800] "GET /cgi-bin/mailgraph.cgi/mailgraph_1.png HTTP/1.1" 200 8787


Question 23: convert this list to a dictionary where the episode number is the key (ie: \"Episode I\") and the name is the value (ie: \"The Phantom Menace\")
[('The Phantom Menace', 'Episode I'), ('Attack of the Clones', 'Episode II'), ('Revenge of the Sith', 'Episode III'), ('A New Hope', 'Episode IV'), ('The Empire Strikes Back', 'Episode V'), ('Return of the Jedi', 'Episode VI'), ('The Force Awakens', 'Episode VII'), ('The Last Jedi', 'Episode VIII'), ('The Rise of Skywalker', 'Episode IX')]

Question 24: return a sorted list (in int) containing the numbers 1-100, but without the numbers divideble with the number in data (ie. the numbers 3,6,9,12... should not be there)
3

Question 25: this sha1 hash was found. the system it comes from normally uses 4 character kodes, consisting of a-z in lowercase
81976bcf73b15bcb269b92f2f6b66867b9b804c6

Question 26: the data provided contains a tuple, where first element is a sha256. The second element contains a dictionary (created by scapping the victims facebook) of words an values that the password could be generated from. Assume that the password length is 8 characters, and that the system requires lowercase, uppercase letters and numbers.
(("0ba128bd856006948e7c57b714586bf43199aa898cc2bcd25141d951a34664a8"),[("Lars","Hansen","05","09","1984"),("fido"),("jan","08","08","2014"),("barcelona","fodbold")])

Question 27: return the missing layer
application, transport, link, physical

Question 28: return the mac address
192.168.1.101,  a4::67:06:8d:83:a1, a4:67:06:8d:a1, a4:67:06:8d:83:a1, ff02::fb

Question 29: Use cap.pcapng from the network challenge. Analyse the paket(data is the packet no). What is the length of the data transmitted in this paket (in bytes).
2020

Question 30: Use cap.pcapng from the network challenge. Data is a path for a HTTP request. What is Ack (raw) in the packet that acknowledges this file?
/style.css

Question 31: Use cap.pcapng from the network challenge. What domain name is here?
74.125.143.189

Question 32: KEA has been infiltrated by thieves. Luckily, they were chased away, and dropped what they stole. 
Your task is to use the recorded log data to figure out what floor and room number the thieves ended up.
ServiceDesk gave you the following legend: ^ = +1 floor, v = -1 floor, < = -1 room number, > = +1 room number.
Answer with a tuple containing the floor and room number, considering you start on floor 0 and room 0.
^^^>v^<<v><vv>><>>><^>><>>v>^v^><>v<^^<vv<v^v^>>^^v^>^<v^<<v<<^^v^<>^^^v<<>v><<^>>^v><v>>vv><>^^vvv^>^v><^<><v>vvv^<>v^><v^><^vv<>^v^v>v>v><^>v^vv>v<<vv<

Question 33: ServiceDesk calls you and tells you they gave you an outdated legend for the log data.
It was from before KEA realised that having negative room numbers doesn't make sense.
That means the room numbers wrap back around. For example if you are by room 0 and you move left (<), you will be by room 100 and vice versa.
Furthermore the legend states that if log entries are repeated, they increment in value. 
For example if you see >>>, the first ">" is 1, the next ">" is 2, and the last ">" is 3, totalling 6 rooms moved. 
This incremenation resets if the current log entry differs from the previous entry.
^^^>v^<<v><vv>><>>><^>><>>v>^v^><>v<^^<vv<v^v^>>^^v^>^<v^<<v<<^^v^<>^^^v<<>v><<^>>^v><v>>vv><>^^vvv^>^v><^<><v>vvv^<>v^><v^><^vv<>^v^v>v>v><^>v^vv>v<<vv<